[yumiraglory-apps.vercel.app/index.html]
[backblue.gif]
[fade.gif]
[index.html]
[yumiraglory-apps.vercel.app/styles.css]
[yumiraglory-apps.vercel.app/kucing.jpg]
[images.ctfassets.net/4cd45et68cgf/Rx83JoRDMkYNlMC9MKzcB/2b14d5a59fc3937afd3f03191e19502d/Netflix-Symbold414.png]
[static.vecteezy.com/system/resources/previews/042/127/122/non_2x/red-circle-bordered-youtube-logo-with-long-shadow-on-transparent-background-free-png.png]
[www.static-src.com/wcsstore/Indraprastha/images/catalog/full/91/MTA-73347112/amazon_-terlaris-_amazon_prime_video_1_tahun_termurah_full_garansi_full01_s28nbkh2.jpg]
[static.vecteezy.com/system/resources/previews/021/059/825/non_2x/chatgpt-logo-chat-gpt-icon-on-green-background-free-vector.jpg]
[static.vecteezy.com/system/resources/previews/013/433/620/non_2x/qris-application-icon-design-on-white-background-free-vector.jpg]
[clipground.com/images/dana-logo-5.png]
[static.vecteezy.com/ti/vetor-gratis/p3/13109754-simbolo-do-elemento-shopee-shopeepay-icone-shopeepay-gratis-vetor.jpg]
[timorplaza.com/sites/default/files/styles/store_logo/public/BRIbede.jpg]
[upload.wikimedia.org/wikipedia/commons/5/57/Binance_Logo.png]
[yumiraglory-apps.vercel.app/index.html]
[yumiraglory-apps.vercel.app/styles.css]
